DO NOT EDIT ANY FILES IN THIS DIRECTORY.

This directory contains a partial copy of:

  osCommerce Online Merchant v2.2 Release Candidate 2a

Downloaded from:

  http://www.oscommerce.com/solutions/downloads

On:

  December 16, 2008

Specifically, this directory contains a copy of any file from the osCommerce
installation that is directly modified in the Google Checkout Plugin. We
keep a clean copy around so we can use diff/merge/patch tools to automate
the installation process.
